2025-03-17 10:39:55,144 - werkzeug - WARNING -  * Debugger is active!
2025-03-17 10:39:55,152 - werkzeug - INFO -  * Debugger PIN: 691-175-853
2025-03-17 10:39:58,294 - Review.reviews.edwpt_review - INFO - Starting EDWPT review calculation
2025-03-17 10:39:59,847 - Review.reviews.edwpt_review - ERROR - Error during review calculation: Failed to load required reference data files
2025-03-17 10:39:59,847 - Review.reviews.edwpt_review - ERROR - Traceback (most recent call last):
  File "C:\Users\CSonneveld\OneDrive - Euronext\Documents\Projects\GUI + Reviews\Review\reviews\edwpt_review.py", line 59, in run_edwpt_review
    raise ValueError("Failed to load required reference data files")
ValueError: Failed to load required reference data files

2025-03-17 10:39:59,855 - werkzeug - INFO - 127.0.0.1 - - [17/Mar/2025 10:39:59] "POST /calculate HTTP/1.1" 200 -
2025-03-17 10:40:15,284 - Review.reviews.edwpt_review - INFO - Starting EDWPT review calculation
2025-03-17 10:40:18,281 - Review.reviews.edwpt_review - ERROR - Error during review calculation: 'free_float'
2025-03-17 10:40:18,291 - werkzeug - INFO -  * Detected change in 'C:\\Users\\CSonneveld\\AppData\\Roaming\\Python\\Python312\\site-packages\\pandas\\core\\frame.py', reloading
2025-03-17 10:40:18,291 - werkzeug - INFO -  * Detected change in 'C:\\Users\\CSonneveld\\AppData\\Roaming\\Python\\Python312\\site-packages\\pandas\\core\\indexes\\base.py', reloading
2025-03-17 10:40:18,291 - Review.reviews.edwpt_review - ERROR - Traceback (most recent call last):
  File "C:\Users\CSonneveld\AppData\Roaming\Python\Python312\site-packages\pandas\core\indexes\base.py", line 3805, in get_loc
    return self._engine.get_loc(casted_key)
           ^^^^^^^^^^^^^^^^^^^^^^^^^^^^^^^^
  File "index.pyx", line 167, in pandas._libs.index.IndexEngine.get_loc
  File "index.pyx", line 196, in pandas._libs.index.IndexEngine.get_loc
  File "pandas\\_libs\\hashtable_class_helper.pxi", line 7081, in pandas._libs.hashtable.PyObjectHashTable.get_item
  File "pandas\\_libs\\hashtable_class_helper.pxi", line 7089, in pandas._libs.hashtable.PyObjectHashTable.get_item
KeyError: 'free_float'

The above exception was the direct cause of the following exception:

Traceback (most recent call last):
  File "C:\Users\CSonneveld\OneDrive - Euronext\Documents\Projects\GUI + Reviews\Review\reviews\edwpt_review.py", line 61, in run_edwpt_review
    full_universe_df['Mcap in EUR'] = full_universe_df['fx_rate'] * full_universe_df['cutoff_nosh'] * full_universe_df['cutoff_price'] * full_universe_df['free_float']
                                                                                                                                         ~~~~~~~~~~~~~~~~^^^^^^^^^^^^^^
  File "C:\Users\CSonneveld\AppData\Roaming\Python\Python312\site-packages\pandas\core\frame.py", line 4102, in __getitem__
    indexer = self.columns.get_loc(key)
              ^^^^^^^^^^^^^^^^^^^^^^^^^
  File "C:\Users\CSonneveld\AppData\Roaming\Python\Python312\site-packages\pandas\core\indexes\base.py", line 3812, in get_loc
    raise KeyError(key) from err
KeyError: 'free_float'

2025-03-17 10:40:18,302 - werkzeug - INFO - 127.0.0.1 - - [17/Mar/2025 10:40:18] "POST /calculate HTTP/1.1" 200 -
